// Jest Snapshot v1, https://goo.gl/fbAQLP

exports[`Footer Should match the snapshot 1`] = `
<styled.div>
  Alle Preise sind in Euro (â‚¬) inkl. gesetzlicher Umsatzsteuer und Versandkosten.
</styled.div>
`;
